// Vitest Snapshot v1, https://vitest.dev/guide/snapshot.html

exports[`compiler: element transform > props merging: class 1`] = `
"import { renderEffect as _renderEffect, setClass as _setClass, template as _template } from 'vue/vapor';
const t0 = _template("<div></div>")

export function render(_ctx) {
  const n0 = t0()
  _renderEffect(() => _setClass(n0, ["foo", { bar: _ctx.isBar }]))
  return n0
}"
`;

exports[`compiler: element transform > props merging: style 1`] = `
"import { renderEffect as _renderEffect, setStyle as _setStyle, template as _template } from 'vue/vapor';
const t0 = _template("<div></div>")

export function render(_ctx) {
  const n0 = t0()
  _renderEffect(() => _setStyle(n0, ["color: green", { color: 'red' }]))
  return n0
}"
`;

exports[`compiler: element transform > static props 1`] = `
"import { template as _template } from 'vue/vapor';
const t0 = _template("<div id=\\"foo\\" class=\\"bar\\"></div>")

export function render(_ctx) {
  const n0 = t0()
  return n0
}"
`;

exports[`compiler: element transform > v-bind="obj" 1`] = `
"import { renderEffect as _renderEffect, setDynamicProps as _setDynamicProps, template as _template } from 'vue/vapor';
const t0 = _template("<div></div>")

export function render(_ctx) {
  const n0 = t0()
  _renderEffect(() => _setDynamicProps(n0, _ctx.obj))
  return n0
}"
`;

exports[`compiler: element transform > v-bind="obj" after static prop 1`] = `
"import { renderEffect as _renderEffect, setDynamicProps as _setDynamicProps, template as _template } from 'vue/vapor';
const t0 = _template("<div></div>")

export function render(_ctx) {
  const n0 = t0()
  _renderEffect(() => _setDynamicProps(n0, { id: "foo" }, _ctx.obj))
  return n0
}"
`;

exports[`compiler: element transform > v-bind="obj" before static prop 1`] = `
"import { renderEffect as _renderEffect, setDynamicProps as _setDynamicProps, template as _template } from 'vue/vapor';
const t0 = _template("<div></div>")

export function render(_ctx) {
  const n0 = t0()
  _renderEffect(() => _setDynamicProps(n0, _ctx.obj, { id: "foo" }))
  return n0
}"
`;

exports[`compiler: element transform > v-bind="obj" between static props 1`] = `
"import { renderEffect as _renderEffect, setDynamicProps as _setDynamicProps, template as _template } from 'vue/vapor';
const t0 = _template("<div></div>")

export function render(_ctx) {
  const n0 = t0()
  _renderEffect(() => _setDynamicProps(n0, { id: "foo" }, _ctx.obj, { class: "bar" }))
  return n0
}"
`;

exports[`compiler: element transform > v-on="obj" 1`] = `
"import { renderEffect as _renderEffect, setDynamicEvents as _setDynamicEvents, template as _template } from 'vue/vapor';
const t0 = _template("<div></div>")

export function render(_ctx) {
  const n0 = t0()
  _renderEffect(() => _setDynamicEvents(n0, _ctx.obj))
  return n0
}"
`;
