// Vitest Snapshot v1, https://vitest.dev/guide/snapshot.html

exports[`v-html > should convert v-html to innerHTML 1`] = `
"import { template as _template, children as _children, effect as _effect, setHtml as _setHtml } from 'vue/vapor';

export function render(_ctx) {
  const t0 = _template("<div></div>")
  const n0 = t0()
  const { 0: [n1],} = _children(n0)
  _effect(() => {
    _setHtml(n1, undefined, _ctx.code)
  })
  return n0
}"
`;

exports[`v-html > should raise error and ignore children when v-html is present 1`] = `
"import { template as _template, children as _children, effect as _effect, setHtml as _setHtml } from 'vue/vapor';

export function render(_ctx) {
  const t0 = _template("<div></div>")
  const n0 = t0()
  const { 0: [n1],} = _children(n0)
  _effect(() => {
    _setHtml(n1, undefined, _ctx.test)
  })
  return n0
}"
`;

exports[`v-html > should raise error if has no expression 1`] = `
"import { template as _template, children as _children, setHtml as _setHtml } from 'vue/vapor';

export function render(_ctx) {
  const t0 = _template("<div></div>")
  const n0 = t0()
  const { 0: [n1],} = _children(n0)
  _setHtml(n1, undefined, "")
  return n0
}"
`;
