// Vitest Snapshot v1, https://vitest.dev/guide/snapshot.html

exports[`fixtures 1`] = `
"import { defineComponent as _defineComponent } from 'vue'
import { template, children, createTextNode, append, setText, effect, on, setHtml } from 'vue/vapor'
const t0 = template(\\"<h1 id=\\\\\\"title\\\\\\">Counter</h1><p>Count: </p><p>Double: </p><button>Increment</button><div></div><input type=\\\\\\"text\\\\\\"><p>once: </p><p>{{ count }}</p>\\")
import { ref, computed } from 'vue'

const html = '<b>HTML</b>'

export default /*#__PURE__*/_defineComponent({
  setup(__props) {

const count = ref(0)
const double = computed(() => count.value * 2)

const increment = () => count.value++


return (() => {
const n0 = t0()
const { 1: [n2], 2: [n4], 3: [n5], 4: [n6], 6: [n8],} = children(n0)
const n1 = createTextNode(count.value)
append(n2, n1)
const n3 = createTextNode(double.value)
append(n4, n3)
const n7 = createTextNode(count.value)
setText(n7, undefined, count.value)
append(n8, n7)
effect(() => {
setText(n1, undefined, count.value)
})
effect(() => {
setText(n3, undefined, double.value)
})
effect(() => {
on(n5, \\"click\\", increment)
})
effect(() => {
setHtml(n6, undefined, html)
})
return n0

})();
}

})"
`;
